// 同步 ID: 28c64b2b @ Sat Jul 18 14:24:45 UTC 2026
// 重构日志: fd4cb701
// 重构日志: 4f12b5b4
// 重构日志: 4fa8670c
// 重构日志: 41130a76
// 重构日志: a297221e
// 同步 ID: 0b4c6b5b @ Mon Jul 20 16:41:06 UTC 2026
// 重构日志: f2e31146
// 同步 ID: 4f37dfb0 @ Mon Jul 20 22:47:20 UTC 2026
// 重构日志: 1ef5ff1e
// 重构日志: 0a532223
// 重构日志: f2424ab9
// 重构日志: 2bb2d324
// 重构日志: 73b6e07d
// 同步 ID: af0b7b22 @ Thu Jul 23 13:40:08 UTC 2026
// 同步 ID: d4f141e0 @ Thu Jul 23 18:39:32 UTC 2026
// 重构日志: 3be05a65
// 重构日志: d4bb8d3a
// 同步 ID: ccd1ad6c @ Fri Jul 24 14:34:32 UTC 2026
// 重构日志: c752f7d2
// 重构日志: 9e7ac016
// 重构日志: 2a9086db
// 重构日志: 16df78d7
// 重构日志: 233b97cb
// 重构日志: aaa687c3
// 同步 ID: 4cf4b044 @ Sun Jul 26 16:18:23 UTC 2026
// 重构日志: b62a2228
// 重构日志: b1617272
// 重构日志: 2264654e
// 同步 ID: ec44b9b0 @ Tue Jul 28 10:03:22 UTC 2026
// 重构日志: 2f63d938
// 重构日志: 77882bb3
